Copyright 1986-2022 Xilinx, Inc. All Rights Reserved.
----------------------------------------------------------------------------------------------
| Tool Version : Vivado v.2022.1 (win64) Build 3526262 Mon Apr 18 15:48:16 MDT 2022
| Date         : Wed Mar 22 16:34:52 2023
| Host         : GdF-intercettazioni running 64-bit major release  (build 9200)
| Command      : report_clock_utilization -file design_1_wrapper_clock_utilization_routed.rpt
| Design       : design_1_wrapper
| Device       : 7a35t-cpg236
| Speed File   : -1  PRODUCTION 1.23 2018-06-13
| Design State : Routed
----------------------------------------------------------------------------------------------

Clock Utilization Report

Table of Contents
-----------------
1. Clock Primitive Utilization
2. Global Clock Resources
3. Global Clock Source Details
4. Local Clock Details
5. Clock Regions: Key Resource Utilization
6. Clock Regions : Global Clock Summary
7. Device Cell Placement Summary for Global Clock g0
8. Device Cell Placement Summary for Global Clock g1
9. Device Cell Placement Summary for Global Clock g2
10. Device Cell Placement Summary for Global Clock g3
11. Device Cell Placement Summary for Global Clock g4
12. Device Cell Placement Summary for Global Clock g5
13. Device Cell Placement Summary for Global Clock g6
14. Device Cell Placement Summary for Global Clock g7
15. Device Cell Placement Summary for Global Clock g8
16. Device Cell Placement Summary for Global Clock g9
17. Device Cell Placement Summary for Global Clock g10
18. Clock Region Cell Placement per Global Clock: Region X0Y0
19. Clock Region Cell Placement per Global Clock: Region X1Y0
20. Clock Region Cell Placement per Global Clock: Region X0Y1
21. Clock Region Cell Placement per Global Clock: Region X1Y1
22. Clock Region Cell Placement per Global Clock: Region X0Y2
23. Clock Region Cell Placement per Global Clock: Region X1Y2

1. Clock Primitive Utilization
------------------------------

+----------+------+-----------+-----+--------------+--------+
| Type     | Used | Available | LOC | Clock Region | Pblock |
+----------+------+-----------+-----+--------------+--------+
| BUFGCTRL |   11 |        32 |   0 |            0 |      0 |
| BUFH     |    0 |        72 |   0 |            0 |      0 |
| BUFIO    |    0 |        20 |   0 |            0 |      0 |
| BUFMR    |    0 |        10 |   0 |            0 |      0 |
| BUFR     |    0 |        20 |   0 |            0 |      0 |
| MMCM     |    1 |         5 |   0 |            0 |      0 |
| PLL      |    0 |         5 |   0 |            0 |      0 |
+----------+------+-----------+-----+--------------+--------+


2. Global Clock Resources
-------------------------

+-----------+-----------+-----------------+------------+----------------+--------------+-------------------+-------------+-----------------+--------------+-----------------------------+----------------------------------------------------------------------------------+---------------------------------------------------------------------------+
| Global Id | Source Id | Driver Type/Pin | Constraint | Site           | Clock Region | Load Clock Region | Clock Loads | Non-Clock Loads | Clock Period | Clock                       | Driver Pin                                                                       | Net                                                                       |
+-----------+-----------+-----------------+------------+----------------+--------------+-------------------+-------------+-----------------+--------------+-----------------------------+----------------------------------------------------------------------------------+---------------------------------------------------------------------------+
| g0        | src0      | BUFG/O          | None       | BUFGCTRL_X0Y0  | n/a          |                 6 |       19097 |               0 |       10.000 | clk_out1_design_1_clk_wiz_0 | design_1_i/clk_wiz/inst/clkout1_buf/O                                            | design_1_i/clk_wiz/inst/clk_out1                                          |
| g1        | src1      | BUFG/O          | None       | BUFGCTRL_X0Y1  | n/a          |                 1 |          64 |              17 |              |                             | design_1_i/SDF_Top_0/U0/SDF_stage_wrap[1].SDF_stage_inst/halfway_pp1_BUFG_inst/O | design_1_i/SDF_Top_0/U0/SDF_stage_wrap[1].SDF_stage_inst/halfway_pp1_BUFG |
| g2        | src2      | BUFG/O          | None       | BUFGCTRL_X0Y2  | n/a          |                 2 |          64 |              17 |              |                             | design_1_i/SDF_Top_0/U0/SDF_stage_wrap[2].SDF_stage_inst/halfway_pp1_BUFG_inst/O | design_1_i/SDF_Top_0/U0/SDF_stage_wrap[2].SDF_stage_inst/halfway_pp1_BUFG |
| g3        | src3      | BUFG/O          | None       | BUFGCTRL_X0Y3  | n/a          |                 1 |          64 |              17 |              |                             | design_1_i/SDF_Top_0/U0/SDF_stage_wrap[3].SDF_stage_inst/halfway_pp1_BUFG_inst/O | design_1_i/SDF_Top_0/U0/SDF_stage_wrap[3].SDF_stage_inst/halfway_pp1_BUFG |
| g4        | src4      | BUFG/O          | None       | BUFGCTRL_X0Y4  | n/a          |                 1 |          64 |              17 |              |                             | design_1_i/SDF_Top_0/U0/SDF_stage_wrap[4].SDF_stage_inst/halfway_pp1_BUFG_inst/O | design_1_i/SDF_Top_0/U0/SDF_stage_wrap[4].SDF_stage_inst/halfway_pp1_BUFG |
| g5        | src5      | BUFG/O          | None       | BUFGCTRL_X0Y5  | n/a          |                 1 |          64 |              17 |              |                             | design_1_i/SDF_Top_0/U0/SDF_stage_wrap[5].SDF_stage_inst/halfway_pp1_BUFG_inst/O | design_1_i/SDF_Top_0/U0/SDF_stage_wrap[5].SDF_stage_inst/halfway_pp1_BUFG |
| g6        | src6      | BUFG/O          | None       | BUFGCTRL_X0Y6  | n/a          |                 2 |          64 |              17 |              |                             | design_1_i/SDF_Top_0/U0/SDF_stage_wrap[6].SDF_stage_inst/halfway_pp1_BUFG_inst/O | design_1_i/SDF_Top_0/U0/SDF_stage_wrap[6].SDF_stage_inst/halfway_pp1_BUFG |
| g7        | src7      | BUFG/O          | None       | BUFGCTRL_X0Y7  | n/a          |                 1 |          64 |              17 |              |                             | design_1_i/SDF_Top_0/U0/SDF_stage_wrap[7].SDF_stage_inst/halfway_pp1_BUFG_inst/O | design_1_i/SDF_Top_0/U0/SDF_stage_wrap[7].SDF_stage_inst/halfway_pp1_BUFG |
| g8        | src8      | BUFG/O          | None       | BUFGCTRL_X0Y8  | n/a          |                 2 |          64 |              17 |              |                             | design_1_i/SDF_Top_0/U0/SDF_stage_wrap[8].SDF_stage_inst/halfway_pp1_BUFG_inst/O | design_1_i/SDF_Top_0/U0/SDF_stage_wrap[8].SDF_stage_inst/halfway_pp1_BUFG |
| g9        | src9      | BUFG/O          | None       | BUFGCTRL_X0Y9  | n/a          |                 2 |          64 |              17 |              |                             | design_1_i/SDF_Top_0/U0/SDF_stage_wrap[9].SDF_stage_inst/halfway_pp1_BUFG_inst/O | design_1_i/SDF_Top_0/U0/SDF_stage_wrap[9].SDF_stage_inst/halfway_pp1_BUFG |
| g10       | src10     | BUFG/O          | None       | BUFGCTRL_X0Y10 | n/a          |                 1 |           1 |               0 |       10.000 | clkfbout_design_1_clk_wiz_0 | design_1_i/clk_wiz/inst/clkf_buf/O                                               | design_1_i/clk_wiz/inst/clkfbout_buf_design_1_clk_wiz_0                   |
+-----------+-----------+-----------------+------------+----------------+--------------+-------------------+-------------+-----------------+--------------+-----------------------------+----------------------------------------------------------------------------------+---------------------------------------------------------------------------+
* Clock Loads column represents the clock pin loads (pin count). Internal cell leaf pins are not counted
** Non-Clock Loads column represents the non-clock pin loads (pin count)


3. Global Clock Source Details
------------------------------

+-----------+-----------+---------------------+------------+-----------------+--------------+-------------+-----------------+---------------------+-----------------------------+----------------------------------------------------------------------------+----------------------------------------------------------------------+
| Source Id | Global Id | Driver Type/Pin     | Constraint | Site            | Clock Region | Clock Loads | Non-Clock Loads | Source Clock Period | Source Clock                | Driver Pin                                                                 | Net                                                                  |
+-----------+-----------+---------------------+------------+-----------------+--------------+-------------+-----------------+---------------------+-----------------------------+----------------------------------------------------------------------------+----------------------------------------------------------------------+
| src0      | g0        | MMCME2_ADV/CLKOUT0  | None       | MMCME2_ADV_X1Y0 | X1Y0         |           1 |               0 |              10.000 | clk_out1_design_1_clk_wiz_0 | design_1_i/clk_wiz/inst/mmcm_adv_inst/CLKOUT0                              | design_1_i/clk_wiz/inst/clk_out1_design_1_clk_wiz_0                  |
| src1      | g1        | FDCE/Q              | None       | SLICE_X54Y46    | X1Y0         |           1 |               0 |                     |                             | design_1_i/SDF_Top_0/U0/SDF_stage_wrap[1].SDF_stage_inst/halfway_pp1_reg/Q | design_1_i/SDF_Top_0/U0/SDF_stage_wrap[1].SDF_stage_inst/halfway_pp1 |
| src2      | g2        | FDCE/Q              | None       | SLICE_X57Y46    | X1Y0         |           1 |               0 |                     |                             | design_1_i/SDF_Top_0/U0/SDF_stage_wrap[2].SDF_stage_inst/halfway_pp1_reg/Q | design_1_i/SDF_Top_0/U0/SDF_stage_wrap[2].SDF_stage_inst/halfway_pp1 |
| src3      | g3        | FDCE/Q              | None       | SLICE_X47Y54    | X1Y1         |           1 |               0 |                     |                             | design_1_i/SDF_Top_0/U0/SDF_stage_wrap[3].SDF_stage_inst/halfway_pp1_reg/Q | design_1_i/SDF_Top_0/U0/SDF_stage_wrap[3].SDF_stage_inst/halfway_pp1 |
| src4      | g4        | FDCE/Q              | None       | SLICE_X36Y52    | X1Y1         |           1 |               0 |                     |                             | design_1_i/SDF_Top_0/U0/SDF_stage_wrap[4].SDF_stage_inst/halfway_pp1_reg/Q | design_1_i/SDF_Top_0/U0/SDF_stage_wrap[4].SDF_stage_inst/halfway_pp1 |
| src5      | g5        | FDCE/Q              | None       | SLICE_X35Y46    | X0Y0         |           1 |               0 |                     |                             | design_1_i/SDF_Top_0/U0/SDF_stage_wrap[5].SDF_stage_inst/halfway_pp1_reg/Q | design_1_i/SDF_Top_0/U0/SDF_stage_wrap[5].SDF_stage_inst/halfway_pp1 |
| src6      | g6        | FDCE/Q              | None       | SLICE_X35Y51    | X0Y1         |           1 |               0 |                     |                             | design_1_i/SDF_Top_0/U0/SDF_stage_wrap[6].SDF_stage_inst/halfway_pp1_reg/Q | design_1_i/SDF_Top_0/U0/SDF_stage_wrap[6].SDF_stage_inst/halfway_pp1 |
| src7      | g7        | FDCE/Q              | None       | SLICE_X37Y51    | X1Y1         |           1 |               0 |                     |                             | design_1_i/SDF_Top_0/U0/SDF_stage_wrap[7].SDF_stage_inst/halfway_pp1_reg/Q | design_1_i/SDF_Top_0/U0/SDF_stage_wrap[7].SDF_stage_inst/halfway_pp1 |
| src8      | g8        | FDCE/Q              | None       | SLICE_X35Y57    | X0Y1         |           1 |               0 |                     |                             | design_1_i/SDF_Top_0/U0/SDF_stage_wrap[8].SDF_stage_inst/halfway_pp1_reg/Q | design_1_i/SDF_Top_0/U0/SDF_stage_wrap[8].SDF_stage_inst/halfway_pp1 |
| src9      | g9        | FDCE/Q              | None       | SLICE_X38Y51    | X1Y1         |           1 |               0 |                     |                             | design_1_i/SDF_Top_0/U0/SDF_stage_wrap[9].SDF_stage_inst/halfway_pp1_reg/Q | design_1_i/SDF_Top_0/U0/SDF_stage_wrap[9].SDF_stage_inst/halfway_pp1 |
| src10     | g10       | MMCME2_ADV/CLKFBOUT | None       | MMCME2_ADV_X1Y0 | X1Y0         |           1 |               0 |              10.000 | clkfbout_design_1_clk_wiz_0 | design_1_i/clk_wiz/inst/mmcm_adv_inst/CLKFBOUT                             | design_1_i/clk_wiz/inst/clkfbout_design_1_clk_wiz_0                  |
+-----------+-----------+---------------------+------------+-----------------+--------------+-------------+-----------------+---------------------+-----------------------------+----------------------------------------------------------------------------+----------------------------------------------------------------------+
* Clock Loads column represents the clock pin loads (pin count). Internal cell leaf pins are not counted
** Non-Clock Loads column represents the non-clock pin loads (pin count)


4. Local Clock Details
----------------------

+----------+-----------------+------------+-------------------+--------------+-------------+-----------------+--------------+-------+--------------------------------------------------------------------------------+-----------------------------------------------------------------------------------+
| Local Id | Driver Type/Pin | Constraint | Site/BEL          | Clock Region | Clock Loads | Non-Clock Loads | Clock Period | Clock | Driver Pin                                                                     | Net                                                                               |
+----------+-----------------+------------+-------------------+--------------+-------------+-----------------+--------------+-------+--------------------------------------------------------------------------------+-----------------------------------------------------------------------------------||
| 0        | FDCE/Q          | None       | SLICE_X57Y41/DFF  | X1Y0         |           1 |               4 |              |       | design_1_i/SDF_Top_0/U0/SDF_stage_wrap[1].SDF_stage_inst/data_counter_reg[8]/Q | design_1_i/SDF_Top_0/U0/SDF_stage_wrap[1].SDF_stage_inst/data_counter[8]          - Static -
| 1        | FDCE/Q          | None       | SLICE_X63Y55/BFF  | X1Y1         |           1 |               4 |              |       | design_1_i/SDF_Top_0/U0/SDF_stage_wrap[2].SDF_stage_inst/data_counter_reg[7]/Q | design_1_i/SDF_Top_0/U0/SDF_stage_wrap[2].SDF_stage_inst/data_counter[7]          - Static -
| 2        | FDCE/Q          | None       | SLICE_X53Y59/AFF  | X1Y1         |           1 |               4 |              |       | design_1_i/SDF_Top_0/U0/SDF_stage_wrap[3].SDF_stage_inst/data_counter_reg[6]/Q | design_1_i/SDF_Top_0/U0/SDF_stage_wrap[3].SDF_stage_inst/data_counter[6]          - Static -
| 3        | FDCE/Q          | None       | SLICE_X54Y77/CFF  | X1Y1         |           1 |               4 |              |       | design_1_i/SDF_Top_0/U0/SDF_stage_wrap[4].SDF_stage_inst/data_counter_reg[5]/Q | design_1_i/SDF_Top_0/U0/SDF_stage_wrap[4].SDF_stage_inst/data_counter[5]          - Static -
| 4        | FDCE/Q          | None       | SLICE_X40Y51/CFF  | X1Y1         |           1 |               4 |              |       | design_1_i/SDF_Top_0/U0/SDF_stage_wrap[5].SDF_stage_inst/data_counter_reg[4]/Q | design_1_i/SDF_Top_0/U0/SDF_stage_wrap[5].SDF_stage_inst/data_counter[4]          - Static -
| 5        | FDCE/Q          | None       | SLICE_X36Y60/B5FF | X1Y1         |           1 |               4 |              |       | design_1_i/SDF_Top_0/U0/SDF_stage_wrap[6].SDF_stage_inst/data_counter_reg[3]/Q | design_1_i/SDF_Top_0/U0/SDF_stage_wrap[6].SDF_stage_inst/data_counter[3]          - Static -
| 6        | FDCE/Q          | None       | SLICE_X39Y72/B5FF | X1Y1         |           1 |               4 |              |       | design_1_i/SDF_Top_0/U0/SDF_stage_wrap[7].SDF_stage_inst/data_counter_reg[2]/Q | design_1_i/SDF_Top_0/U0/SDF_stage_wrap[7].SDF_stage_inst/data_counter[2]          - Static -
| 7        | FDCE/Q          | None       | SLICE_X32Y72/A5FF | X0Y1         |           1 |               4 |              |       | design_1_i/SDF_Top_0/U0/SDF_stage_wrap[8].SDF_stage_inst/data_counter_reg[1]/Q | design_1_i/SDF_Top_0/U0/SDF_stage_wrap[8].SDF_stage_inst/data_counter[1]          - Static -
| 8        | FDCE/Q          | None       | SLICE_X30Y59/BFF  | X0Y1         |           1 |               4 |              |       | design_1_i/SDF_Top_0/U0/SDF_stage_wrap[9].SDF_stage_inst/data_counter_reg[0]/Q | design_1_i/SDF_Top_0/U0/SDF_stage_wrap[9].SDF_stage_inst/data_counter_reg_n_0_[0] - Static -
+----------+-----------------+------------+-------------------+--------------+-------------+-----------------+--------------+-------+--------------------------------------------------------------------------------+-----------------------------------------------------------------------------------||
* Local Clocks in this context represents only clocks driven by non-global buffers
** Clock Loads column represents the clock pin loads (pin count). Internal cell leaf pins are not counted
*** Non-Clock Loads column represents the non-clock pin loads (pin count)


5. Clock Regions: Key Resource Utilization
------------------------------------------

+-------------------+--------------+--------------+--------------+--------------+--------------+--------------+--------------+--------------+--------------+--------------+--------------+--------------+--------------+--------------+--------------+
|                   | Global Clock |     BUFRs    |    BUFMRs    |    BUFIOs    |     MMCM     |      PLL     |      GT      |      PCI     |    ILOGIC    |    OLOGIC    |      FF      |     LUTM     |    RAMB18    |    RAMB36    |    DSP48E2   |
+-------------------+------+-------+------+-------+------+-------+------+-------+------+-------+------+-------+------+-------+------+-------+------+-------+------+-------+------+-------+------+-------+------+-------+------+-------+------+-------+
| Clock Region Name | Used | Avail | Used | Avail | Used | Avail | Used | Avail | Used | Avail | Used | Avail | Used | Avail | Used | Avail | Used | Avail | Used | Avail | Used | Avail | Used | Avail | Used | Avail | Used | Avail | Used | Avail |
+-------------------+------+-------+------+-------+------+-------+------+-------+------+-------+------+-------+------+-------+------+-------+------+-------+------+-------+------+-------+------+-------+------+-------+------+-------+------+-------+
| X0Y0              |    1 |    12 |    0 |     4 |    0 |     2 |    0 |     4 |    0 |     1 |    0 |     1 |    0 |     0 |    0 |     0 |    0 |    50 |    0 |    50 | 3501 |  1200 | 1164 |   400 |    0 |    20 |    0 |    10 |    0 |    20 |
| X1Y0              |    4 |    12 |    0 |     4 |    0 |     2 |    0 |     4 |    1 |     1 |    0 |     1 |    0 |     0 |    0 |     0 |    0 |    50 |    0 |    50 | 4014 |  1500 | 1337 |   450 |    0 |    40 |    0 |    20 |    0 |    20 |
| X0Y1              |    4 |    12 |    0 |     4 |    0 |     2 |    0 |     4 |    0 |     1 |    0 |     1 |    0 |     0 |    0 |     0 |    0 |    50 |    0 |    50 | 2917 |  1200 | 1037 |   400 |    0 |    20 |    0 |    10 |    0 |    20 |
| X1Y1              |    9 |    12 |    0 |     4 |    0 |     2 |    0 |     4 |    0 |     1 |    0 |     1 |    0 |     0 |    0 |     0 |    0 |    50 |    0 |    50 | 2413 |  1500 |  961 |   450 |    0 |    40 |    0 |    20 |    0 |    20 |
| X0Y2              |    1 |    12 |    0 |     4 |    0 |     2 |    0 |     4 |    0 |     1 |    0 |     1 |    0 |     0 |    0 |     0 |    0 |    50 |    0 |    50 | 4031 |  1800 |  883 |   400 |    0 |    20 |    0 |    10 |    0 |    20 |
| X1Y2              |    1 |    12 |    0 |     0 |    0 |     0 |    0 |     0 |    0 |     0 |    0 |     0 |    0 |     4 |    0 |     1 |    0 |     0 |    0 |     0 | 1920 |   950 |  627 |   300 |    0 |    10 |    0 |     5 |    0 |    20 |
+-------------------+------+-------+------+-------+------+-------+------+-------+------+-------+------+-------+------+-------+------+-------+------+-------+------+-------+------+-------+------+-------+------+-------+------+-------+------+-------+
* Global Clock column represents track count; while other columns represents cell counts


6. Clock Regions : Global Clock Summary
---------------------------------------

All Modules
+----+----+----+
|    | X0 | X1 |
+----+----+----+
| Y2 |  1 |  1 |
| Y1 |  4 |  9 |
| Y0 |  1 |  4 |
+----+----+----+


7. Device Cell Placement Summary for Global Clock g0
----------------------------------------------------

+-----------+-----------------+-------------------+-----------------------------+-------------+---------------+-------------+----------+----------------+----------+----------------------------------+
| Global Id | Driver Type/Pin | Driver Region (D) | Clock                       | Period (ns) | Waveform (ns) | Slice Loads | IO Loads | Clocking Loads | GT Loads | Net                              |
+-----------+-----------------+-------------------+-----------------------------+-------------+---------------+-------------+----------+----------------+----------+----------------------------------+
| g0        | BUFG/O          | n/a               | clk_out1_design_1_clk_wiz_0 |      10.000 | {0.000 5.000} |       19095 |        0 |              0 |        0 | design_1_i/clk_wiz/inst/clk_out1 |
+-----------+-----------------+-------------------+-----------------------------+-------------+---------------+-------------+----------+----------------+----------+----------------------------------+
* Slice Loads column represents load cell count of all cell types other than IO, GT and clock resources
** IO Loads column represents load cell count of IO types
*** Clocking Loads column represents load cell count that are clock resources (global clock buffer, MMCM, PLL, etc)
**** GT Loads column represents load cell count of GT types


+----+-------+-------+-----------------------+
|    | X0    | X1    | HORIZONTAL PROG DELAY |
+----+-------+-------+-----------------------+
| Y2 |  4031 |  1920 |                     0 |
| Y1 |  2935 |  2509 |                     0 |
| Y0 |  3502 |  4198 |                     0 |
+----+-------+-------+-----------------------+


8. Device Cell Placement Summary for Global Clock g1
----------------------------------------------------

+-----------+-----------------+-------------------+-------+-------------+---------------+-------------+----------+----------------+----------+---------------------------------------------------------------------------+
| Global Id | Driver Type/Pin | Driver Region (D) | Clock | Period (ns) | Waveform (ns) | Slice Loads | IO Loads | Clocking Loads | GT Loads | Net                                                                       |
+-----------+-----------------+-------------------+-------+-------------+---------------+-------------+----------+----------------+----------+---------------------------------------------------------------------------+
| g1        | BUFG/O          | n/a               |       |             |               |          81 |        0 |              0 |        0 | design_1_i/SDF_Top_0/U0/SDF_stage_wrap[1].SDF_stage_inst/halfway_pp1_BUFG |
+-----------+-----------------+-------------------+-------+-------------+---------------+-------------+----------+----------------+----------+---------------------------------------------------------------------------+
* Slice Loads column represents load cell count of all cell types other than IO, GT and clock resources
** IO Loads column represents load cell count of IO types
*** Clocking Loads column represents load cell count that are clock resources (global clock buffer, MMCM, PLL, etc)
**** GT Loads column represents load cell count of GT types


+----+----+-----+-----------------------+
|    | X0 | X1  | HORIZONTAL PROG DELAY |
+----+----+-----+-----------------------+
| Y2 |  0 |   0 |                     - |
| Y1 |  0 |   0 |                     - |
| Y0 |  0 |  81 |                     0 |
+----+----+-----+-----------------------+


9. Device Cell Placement Summary for Global Clock g2
----------------------------------------------------

+-----------+-----------------+-------------------+-------+-------------+---------------+-------------+----------+----------------+----------+---------------------------------------------------------------------------+
| Global Id | Driver Type/Pin | Driver Region (D) | Clock | Period (ns) | Waveform (ns) | Slice Loads | IO Loads | Clocking Loads | GT Loads | Net                                                                       |
+-----------+-----------------+-------------------+-------+-------------+---------------+-------------+----------+----------------+----------+---------------------------------------------------------------------------+
| g2        | BUFG/O          | n/a               |       |             |               |          81 |        0 |              0 |        0 | design_1_i/SDF_Top_0/U0/SDF_stage_wrap[2].SDF_stage_inst/halfway_pp1_BUFG |
+-----------+-----------------+-------------------+-------+-------------+---------------+-------------+----------+----------------+----------+---------------------------------------------------------------------------+
* Slice Loads column represents load cell count of all cell types other than IO, GT and clock resources
** IO Loads column represents load cell count of IO types
*** Clocking Loads column represents load cell count that are clock resources (global clock buffer, MMCM, PLL, etc)
**** GT Loads column represents load cell count of GT types


+----+----+-----+-----------------------+
|    | X0 | X1  | HORIZONTAL PROG DELAY |
+----+----+-----+-----------------------+
| Y2 |  0 |   0 |                     - |
| Y1 |  0 |  33 |                     0 |
| Y0 |  0 |  48 |                     0 |
+----+----+-----+-----------------------+


10. Device Cell Placement Summary for Global Clock g3
-----------------------------------------------------

+-----------+-----------------+-------------------+-------+-------------+---------------+-------------+----------+----------------+----------+---------------------------------------------------------------------------+
| Global Id | Driver Type/Pin | Driver Region (D) | Clock | Period (ns) | Waveform (ns) | Slice Loads | IO Loads | Clocking Loads | GT Loads | Net                                                                       |
+-----------+-----------------+-------------------+-------+-------------+---------------+-------------+----------+----------------+----------+---------------------------------------------------------------------------+
| g3        | BUFG/O          | n/a               |       |             |               |          81 |        0 |              0 |        0 | design_1_i/SDF_Top_0/U0/SDF_stage_wrap[3].SDF_stage_inst/halfway_pp1_BUFG |
+-----------+-----------------+-------------------+-------+-------------+---------------+-------------+----------+----------------+----------+---------------------------------------------------------------------------+
* Slice Loads column represents load cell count of all cell types other than IO, GT and clock resources
** IO Loads column represents load cell count of IO types
*** Clocking Loads column represents load cell count that are clock resources (global clock buffer, MMCM, PLL, etc)
**** GT Loads column represents load cell count of GT types


+----+----+-----+-----------------------+
|    | X0 | X1  | HORIZONTAL PROG DELAY |
+----+----+-----+-----------------------+
| Y2 |  0 |   0 |                     - |
| Y1 |  0 |  81 |                     0 |
| Y0 |  0 |   0 |                     - |
+----+----+-----+-----------------------+


11. Device Cell Placement Summary for Global Clock g4
-----------------------------------------------------

+-----------+-----------------+-------------------+-------+-------------+---------------+-------------+----------+----------------+----------+---------------------------------------------------------------------------+
| Global Id | Driver Type/Pin | Driver Region (D) | Clock | Period (ns) | Waveform (ns) | Slice Loads | IO Loads | Clocking Loads | GT Loads | Net                                                                       |
+-----------+-----------------+-------------------+-------+-------------+---------------+-------------+----------+----------------+----------+---------------------------------------------------------------------------+
| g4        | BUFG/O          | n/a               |       |             |               |          81 |        0 |              0 |        0 | design_1_i/SDF_Top_0/U0/SDF_stage_wrap[4].SDF_stage_inst/halfway_pp1_BUFG |
+-----------+-----------------+-------------------+-------+-------------+---------------+-------------+----------+----------------+----------+---------------------------------------------------------------------------+
* Slice Loads column represents load cell count of all cell types other than IO, GT and clock resources
** IO Loads column represents load cell count of IO types
*** Clocking Loads column represents load cell count that are clock resources (global clock buffer, MMCM, PLL, etc)
**** GT Loads column represents load cell count of GT types


+----+----+-----+-----------------------+
|    | X0 | X1  | HORIZONTAL PROG DELAY |
+----+----+-----+-----------------------+
| Y2 |  0 |   0 |                     - |
| Y1 |  0 |  81 |                     0 |
| Y0 |  0 |   0 |                     - |
+----+----+-----+-----------------------+


12. Device Cell Placement Summary for Global Clock g5
-----------------------------------------------------

+-----------+-----------------+-------------------+-------+-------------+---------------+-------------+----------+----------------+----------+---------------------------------------------------------------------------+
| Global Id | Driver Type/Pin | Driver Region (D) | Clock | Period (ns) | Waveform (ns) | Slice Loads | IO Loads | Clocking Loads | GT Loads | Net                                                                       |
+-----------+-----------------+-------------------+-------+-------------+---------------+-------------+----------+----------------+----------+---------------------------------------------------------------------------+
| g5        | BUFG/O          | n/a               |       |             |               |          81 |        0 |              0 |        0 | design_1_i/SDF_Top_0/U0/SDF_stage_wrap[5].SDF_stage_inst/halfway_pp1_BUFG |
+-----------+-----------------+-------------------+-------+-------------+---------------+-------------+----------+----------------+----------+---------------------------------------------------------------------------+
* Slice Loads column represents load cell count of all cell types other than IO, GT and clock resources
** IO Loads column represents load cell count of IO types
*** Clocking Loads column represents load cell count that are clock resources (global clock buffer, MMCM, PLL, etc)
**** GT Loads column represents load cell count of GT types


+----+----+-----+-----------------------+
|    | X0 | X1  | HORIZONTAL PROG DELAY |
+----+----+-----+-----------------------+
| Y2 |  0 |   0 |                     - |
| Y1 |  0 |  81 |                     0 |
| Y0 |  0 |   0 |                     - |
+----+----+-----+-----------------------+


13. Device Cell Placement Summary for Global Clock g6
-----------------------------------------------------

+-----------+-----------------+-------------------+-------+-------------+---------------+-------------+----------+----------------+----------+---------------------------------------------------------------------------+
| Global Id | Driver Type/Pin | Driver Region (D) | Clock | Period (ns) | Waveform (ns) | Slice Loads | IO Loads | Clocking Loads | GT Loads | Net                                                                       |
+-----------+-----------------+-------------------+-------+-------------+---------------+-------------+----------+----------------+----------+---------------------------------------------------------------------------+
| g6        | BUFG/O          | n/a               |       |             |               |          81 |        0 |              0 |        0 | design_1_i/SDF_Top_0/U0/SDF_stage_wrap[6].SDF_stage_inst/halfway_pp1_BUFG |
+-----------+-----------------+-------------------+-------+-------------+---------------+-------------+----------+----------------+----------+---------------------------------------------------------------------------+
* Slice Loads column represents load cell count of all cell types other than IO, GT and clock resources
** IO Loads column represents load cell count of IO types
*** Clocking Loads column represents load cell count that are clock resources (global clock buffer, MMCM, PLL, etc)
**** GT Loads column represents load cell count of GT types


+----+-----+-----+-----------------------+
|    | X0  | X1  | HORIZONTAL PROG DELAY |
+----+-----+-----+-----------------------+
| Y2 |   0 |   0 |                     - |
| Y1 |  37 |  44 |                     0 |
| Y0 |   0 |   0 |                     - |
+----+-----+-----+-----------------------+


14. Device Cell Placement Summary for Global Clock g7
-----------------------------------------------------

+-----------+-----------------+-------------------+-------+-------------+---------------+-------------+----------+----------------+----------+---------------------------------------------------------------------------+
| Global Id | Driver Type/Pin | Driver Region (D) | Clock | Period (ns) | Waveform (ns) | Slice Loads | IO Loads | Clocking Loads | GT Loads | Net                                                                       |
+-----------+-----------------+-------------------+-------+-------------+---------------+-------------+----------+----------------+----------+---------------------------------------------------------------------------+
| g7        | BUFG/O          | n/a               |       |             |               |          81 |        0 |              0 |        0 | design_1_i/SDF_Top_0/U0/SDF_stage_wrap[7].SDF_stage_inst/halfway_pp1_BUFG |
+-----------+-----------------+-------------------+-------+-------------+---------------+-------------+----------+----------------+----------+---------------------------------------------------------------------------+
* Slice Loads column represents load cell count of all cell types other than IO, GT and clock resources
** IO Loads column represents load cell count of IO types
*** Clocking Loads column represents load cell count that are clock resources (global clock buffer, MMCM, PLL, etc)
**** GT Loads column represents load cell count of GT types


+----+----+-----+-----------------------+
|    | X0 | X1  | HORIZONTAL PROG DELAY |
+----+----+-----+-----------------------+
| Y2 |  0 |   0 |                     - |
| Y1 |  0 |  81 |                     0 |
| Y0 |  0 |   0 |                     - |
+----+----+-----+-----------------------+


15. Device Cell Placement Summary for Global Clock g8
-----------------------------------------------------

+-----------+-----------------+-------------------+-------+-------------+---------------+-------------+----------+----------------+----------+---------------------------------------------------------------------------+
| Global Id | Driver Type/Pin | Driver Region (D) | Clock | Period (ns) | Waveform (ns) | Slice Loads | IO Loads | Clocking Loads | GT Loads | Net                                                                       |
+-----------+-----------------+-------------------+-------+-------------+---------------+-------------+----------+----------------+----------+---------------------------------------------------------------------------+
| g8        | BUFG/O          | n/a               |       |             |               |          81 |        0 |              0 |        0 | design_1_i/SDF_Top_0/U0/SDF_stage_wrap[8].SDF_stage_inst/halfway_pp1_BUFG |
+-----------+-----------------+-------------------+-------+-------------+---------------+-------------+----------+----------------+----------+---------------------------------------------------------------------------+
* Slice Loads column represents load cell count of all cell types other than IO, GT and clock resources
** IO Loads column represents load cell count of IO types
*** Clocking Loads column represents load cell count that are clock resources (global clock buffer, MMCM, PLL, etc)
**** GT Loads column represents load cell count of GT types


+----+-----+-----+-----------------------+
|    | X0  | X1  | HORIZONTAL PROG DELAY |
+----+-----+-----+-----------------------+
| Y2 |   0 |   0 |                     - |
| Y1 |  52 |  29 |                     0 |
| Y0 |   0 |   0 |                     - |
+----+-----+-----+-----------------------+


16. Device Cell Placement Summary for Global Clock g9
-----------------------------------------------------

+-----------+-----------------+-------------------+-------+-------------+---------------+-------------+----------+----------------+----------+---------------------------------------------------------------------------+
| Global Id | Driver Type/Pin | Driver Region (D) | Clock | Period (ns) | Waveform (ns) | Slice Loads | IO Loads | Clocking Loads | GT Loads | Net                                                                       |
+-----------+-----------------+-------------------+-------+-------------+---------------+-------------+----------+----------------+----------+---------------------------------------------------------------------------+
| g9        | BUFG/O          | n/a               |       |             |               |          81 |        0 |              0 |        0 | design_1_i/SDF_Top_0/U0/SDF_stage_wrap[9].SDF_stage_inst/halfway_pp1_BUFG |
+-----------+-----------------+-------------------+-------+-------------+---------------+-------------+----------+----------------+----------+---------------------------------------------------------------------------+
* Slice Loads column represents load cell count of all cell types other than IO, GT and clock resources
** IO Loads column represents load cell count of IO types
*** Clocking Loads column represents load cell count that are clock resources (global clock buffer, MMCM, PLL, etc)
**** GT Loads column represents load cell count of GT types


+----+-----+-----+-----------------------+
|    | X0  | X1  | HORIZONTAL PROG DELAY |
+----+-----+-----+-----------------------+
| Y2 |   0 |   0 |                     - |
| Y1 |  38 |  43 |                     0 |
| Y0 |   0 |   0 |                     - |
+----+-----+-----+-----------------------+


17. Device Cell Placement Summary for Global Clock g10
------------------------------------------------------

+-----------+-----------------+-------------------+-----------------------------+-------------+---------------+-------------+----------+----------------+----------+---------------------------------------------------------+
| Global Id | Driver Type/Pin | Driver Region (D) | Clock                       | Period (ns) | Waveform (ns) | Slice Loads | IO Loads | Clocking Loads | GT Loads | Net                                                     |
+-----------+-----------------+-------------------+-----------------------------+-------------+---------------+-------------+----------+----------------+----------+---------------------------------------------------------+
| g10       | BUFG/O          | n/a               | clkfbout_design_1_clk_wiz_0 |      10.000 | {0.000 5.000} |           0 |        0 |              1 |        0 | design_1_i/clk_wiz/inst/clkfbout_buf_design_1_clk_wiz_0 |
+-----------+-----------------+-------------------+-----------------------------+-------------+---------------+-------------+----------+----------------+----------+---------------------------------------------------------+
* Slice Loads column represents load cell count of all cell types other than IO, GT and clock resources
** IO Loads column represents load cell count of IO types
*** Clocking Loads column represents load cell count that are clock resources (global clock buffer, MMCM, PLL, etc)
**** GT Loads column represents load cell count of GT types


+----+----+----+-----------------------+
|    | X0 | X1 | HORIZONTAL PROG DELAY |
+----+----+----+-----------------------+
| Y2 |  0 |  0 |                     - |
| Y1 |  0 |  0 |                     - |
| Y0 |  0 |  1 |                     0 |
+----+----+----+-----------------------+


18. Clock Region Cell Placement per Global Clock: Region X0Y0
-------------------------------------------------------------

+-----------+-------+-----------------+------------+-------------+-----------------+------+-------------+------+-----+----+------+-----+---------+----------------------------------+
| Global Id | Track | Driver Type/Pin | Constraint | Clock Loads | Non-Clock Loads | FF   | Memory LUTs | RAMB | DSP | GT | MMCM | PLL | Hard IP | Net                              |
+-----------+-------+-----------------+------------+-------------+-----------------+------+-------------+------+-----+----+------+-----+---------+----------------------------------+
| g0        | n/a   | BUFG/O          | None       |        3502 |               0 | 3501 |           0 |    0 |   0 |  0 |    0 |   0 |       0 | design_1_i/clk_wiz/inst/clk_out1 |
+-----------+-------+-----------------+------------+-------------+-----------------+------+-------------+------+-----+----+------+-----+---------+----------------------------------+
* Clock Loads column represents the clock pin loads (pin count). Internal cell leaf pins are not counted
** Non-Clock Loads column represents the non-clock pin loads (pin count)
*** Columns FF, LUTRAM, RAMB through 'Hard IP' represents load cell counts


19. Clock Region Cell Placement per Global Clock: Region X1Y0
-------------------------------------------------------------

+-----------+-------+-----------------+------------+-------------+-----------------+------+-------------+------+-----+----+------+-----+---------+---------------------------------------------------------------------------+
| Global Id | Track | Driver Type/Pin | Constraint | Clock Loads | Non-Clock Loads | FF   | Memory LUTs | RAMB | DSP | GT | MMCM | PLL | Hard IP | Net                                                                       |
+-----------+-------+-----------------+------------+-------------+-----------------+------+-------------+------+-----+----+------+-----+---------+---------------------------------------------------------------------------+
| g0        | n/a   | BUFG/O          | None       |        4198 |               0 | 4014 |         184 |    0 |   0 |  0 |    0 |   0 |       0 | design_1_i/clk_wiz/inst/clk_out1                                          |
| g1        | n/a   | BUFG/O          | None       |          64 |              17 |    1 |           0 |    0 |   0 |  0 |    0 |   0 |       0 | design_1_i/SDF_Top_0/U0/SDF_stage_wrap[1].SDF_stage_inst/halfway_pp1_BUFG |
| g2        | n/a   | BUFG/O          | None       |          36 |              12 |    0 |           0 |    0 |   0 |  0 |    0 |   0 |       0 | design_1_i/SDF_Top_0/U0/SDF_stage_wrap[2].SDF_stage_inst/halfway_pp1_BUFG |
| g10       | n/a   | BUFG/O          | None       |           1 |               0 |    0 |           0 |    0 |   0 |  0 |    1 |   0 |       0 | design_1_i/clk_wiz/inst/clkfbout_buf_design_1_clk_wiz_0                   |
+-----------+-------+-----------------+------------+-------------+-----------------+------+-------------+------+-----+----+------+-----+---------+---------------------------------------------------------------------------+
* Clock Loads column represents the clock pin loads (pin count). Internal cell leaf pins are not counted
** Non-Clock Loads column represents the non-clock pin loads (pin count)
*** Columns FF, LUTRAM, RAMB through 'Hard IP' represents load cell counts


20. Clock Region Cell Placement per Global Clock: Region X0Y1
-------------------------------------------------------------

+-----------+-------+-----------------+------------+-------------+-----------------+------+-------------+------+-----+----+------+-----+---------+---------------------------------------------------------------------------+
| Global Id | Track | Driver Type/Pin | Constraint | Clock Loads | Non-Clock Loads | FF   | Memory LUTs | RAMB | DSP | GT | MMCM | PLL | Hard IP | Net                                                                       |
+-----------+-------+-----------------+------------+-------------+-----------------+------+-------------+------+-----+----+------+-----+---------+---------------------------------------------------------------------------+
| g0        | n/a   | BUFG/O          | None       |        2935 |               0 | 2917 |          17 |    0 |   0 |  0 |    0 |   0 |       0 | design_1_i/clk_wiz/inst/clk_out1                                          |
| g6        | n/a   | BUFG/O          | None       |          28 |               9 |    1 |           0 |    0 |   0 |  0 |    0 |   0 |       0 | design_1_i/SDF_Top_0/U0/SDF_stage_wrap[6].SDF_stage_inst/halfway_pp1_BUFG |
| g8        | n/a   | BUFG/O          | None       |          42 |              10 |    1 |           0 |    0 |   0 |  0 |    0 |   0 |       0 | design_1_i/SDF_Top_0/U0/SDF_stage_wrap[8].SDF_stage_inst/halfway_pp1_BUFG |
| g9        | n/a   | BUFG/O          | None       |          30 |               8 |    0 |           0 |    0 |   0 |  0 |    0 |   0 |       0 | design_1_i/SDF_Top_0/U0/SDF_stage_wrap[9].SDF_stage_inst/halfway_pp1_BUFG |
+-----------+-------+-----------------+------------+-------------+-----------------+------+-------------+------+-----+----+------+-----+---------+---------------------------------------------------------------------------+
* Clock Loads column represents the clock pin loads (pin count). Internal cell leaf pins are not counted
** Non-Clock Loads column represents the non-clock pin loads (pin count)
*** Columns FF, LUTRAM, RAMB through 'Hard IP' represents load cell counts


21. Clock Region Cell Placement per Global Clock: Region X1Y1
-------------------------------------------------------------

+-----------+-------+-----------------+------------+-------------+-----------------+------+-------------+------+-----+----+------+-----+---------+---------------------------------------------------------------------------+
| Global Id | Track | Driver Type/Pin | Constraint | Clock Loads | Non-Clock Loads | FF   | Memory LUTs | RAMB | DSP | GT | MMCM | PLL | Hard IP | Net                                                                       |
+-----------+-------+-----------------+------------+-------------+-----------------+------+-------------+------+-----+----+------+-----+---------+---------------------------------------------------------------------------+
| g0        | n/a   | BUFG/O          | None       |        2509 |               0 | 2413 |          96 |    0 |   0 |  0 |    0 |   0 |       0 | design_1_i/clk_wiz/inst/clk_out1                                          |
| g2        | n/a   | BUFG/O          | None       |          28 |               5 |    1 |           0 |    0 |   0 |  0 |    0 |   0 |       0 | design_1_i/SDF_Top_0/U0/SDF_stage_wrap[2].SDF_stage_inst/halfway_pp1_BUFG |
| g3        | n/a   | BUFG/O          | None       |          64 |              17 |    1 |           0 |    0 |   0 |  0 |    0 |   0 |       0 | design_1_i/SDF_Top_0/U0/SDF_stage_wrap[3].SDF_stage_inst/halfway_pp1_BUFG |
| g4        | n/a   | BUFG/O          | None       |          64 |              17 |    1 |           0 |    0 |   0 |  0 |    0 |   0 |       0 | design_1_i/SDF_Top_0/U0/SDF_stage_wrap[4].SDF_stage_inst/halfway_pp1_BUFG |
| g5        | n/a   | BUFG/O          | None       |          64 |              17 |    1 |           0 |    0 |   0 |  0 |    0 |   0 |       0 | design_1_i/SDF_Top_0/U0/SDF_stage_wrap[5].SDF_stage_inst/halfway_pp1_BUFG |
| g6        | n/a   | BUFG/O          | None       |          36 |               8 |    0 |           0 |    0 |   0 |  0 |    0 |   0 |       0 | design_1_i/SDF_Top_0/U0/SDF_stage_wrap[6].SDF_stage_inst/halfway_pp1_BUFG |
| g7        | n/a   | BUFG/O          | None       |          64 |              17 |    1 |           0 |    0 |   0 |  0 |    0 |   0 |       0 | design_1_i/SDF_Top_0/U0/SDF_stage_wrap[7].SDF_stage_inst/halfway_pp1_BUFG |
| g8        | n/a   | BUFG/O          | None       |          22 |               7 |    0 |           0 |    0 |   0 |  0 |    0 |   0 |       0 | design_1_i/SDF_Top_0/U0/SDF_stage_wrap[8].SDF_stage_inst/halfway_pp1_BUFG |
| g9        | n/a   | BUFG/O          | None       |          34 |               9 |    1 |           0 |    0 |   0 |  0 |    0 |   0 |       0 | design_1_i/SDF_Top_0/U0/SDF_stage_wrap[9].SDF_stage_inst/halfway_pp1_BUFG |
+-----------+-------+-----------------+------------+-------------+-----------------+------+-------------+------+-----+----+------+-----+---------+---------------------------------------------------------------------------+
* Clock Loads column represents the clock pin loads (pin count). Internal cell leaf pins are not counted
** Non-Clock Loads column represents the non-clock pin loads (pin count)
*** Columns FF, LUTRAM, RAMB through 'Hard IP' represents load cell counts


22. Clock Region Cell Placement per Global Clock: Region X0Y2
-------------------------------------------------------------

+-----------+-------+-----------------+------------+-------------+-----------------+------+-------------+------+-----+----+------+-----+---------+----------------------------------+
| Global Id | Track | Driver Type/Pin | Constraint | Clock Loads | Non-Clock Loads | FF   | Memory LUTs | RAMB | DSP | GT | MMCM | PLL | Hard IP | Net                              |
+-----------+-------+-----------------+------------+-------------+-----------------+------+-------------+------+-----+----+------+-----+---------+----------------------------------+
| g0        | n/a   | BUFG/O          | None       |        4031 |               0 | 4031 |           0 |    0 |   0 |  0 |    0 |   0 |       0 | design_1_i/clk_wiz/inst/clk_out1 |
+-----------+-------+-----------------+------------+-------------+-----------------+------+-------------+------+-----+----+------+-----+---------+----------------------------------+
* Clock Loads column represents the clock pin loads (pin count). Internal cell leaf pins are not counted
** Non-Clock Loads column represents the non-clock pin loads (pin count)
*** Columns FF, LUTRAM, RAMB through 'Hard IP' represents load cell counts


23. Clock Region Cell Placement per Global Clock: Region X1Y2
-------------------------------------------------------------

+-----------+-------+-----------------+------------+-------------+-----------------+------+-------------+------+-----+----+------+-----+---------+----------------------------------+
| Global Id | Track | Driver Type/Pin | Constraint | Clock Loads | Non-Clock Loads | FF   | Memory LUTs | RAMB | DSP | GT | MMCM | PLL | Hard IP | Net                              |
+-----------+-------+-----------------+------------+-------------+-----------------+------+-------------+------+-----+----+------+-----+---------+----------------------------------+
| g0        | n/a   | BUFG/O          | None       |        1920 |               0 | 1920 |           0 |    0 |   0 |  0 |    0 |   0 |       0 | design_1_i/clk_wiz/inst/clk_out1 |
+-----------+-------+-----------------+------------+-------------+-----------------+------+-------------+------+-----+----+------+-----+---------+----------------------------------+
* Clock Loads column represents the clock pin loads (pin count). Internal cell leaf pins are not counted
** Non-Clock Loads column represents the non-clock pin loads (pin count)
*** Columns FF, LUTRAM, RAMB through 'Hard IP' represents load cell counts



# Location of BUFG Primitives 
set_property LOC BUFGCTRL_X0Y10 [get_cells design_1_i/clk_wiz/inst/clkf_buf]
set_property LOC BUFGCTRL_X0Y0 [get_cells design_1_i/clk_wiz/inst/clkout1_buf]
set_property LOC BUFGCTRL_X0Y9 [get_cells design_1_i/SDF_Top_0/U0/SDF_stage_wrap[9].SDF_stage_inst/halfway_pp1_BUFG_inst]
set_property LOC BUFGCTRL_X0Y8 [get_cells design_1_i/SDF_Top_0/U0/SDF_stage_wrap[8].SDF_stage_inst/halfway_pp1_BUFG_inst]
set_property LOC BUFGCTRL_X0Y7 [get_cells design_1_i/SDF_Top_0/U0/SDF_stage_wrap[7].SDF_stage_inst/halfway_pp1_BUFG_inst]
set_property LOC BUFGCTRL_X0Y6 [get_cells design_1_i/SDF_Top_0/U0/SDF_stage_wrap[6].SDF_stage_inst/halfway_pp1_BUFG_inst]
set_property LOC BUFGCTRL_X0Y5 [get_cells design_1_i/SDF_Top_0/U0/SDF_stage_wrap[5].SDF_stage_inst/halfway_pp1_BUFG_inst]
set_property LOC BUFGCTRL_X0Y4 [get_cells design_1_i/SDF_Top_0/U0/SDF_stage_wrap[4].SDF_stage_inst/halfway_pp1_BUFG_inst]
set_property LOC BUFGCTRL_X0Y3 [get_cells design_1_i/SDF_Top_0/U0/SDF_stage_wrap[3].SDF_stage_inst/halfway_pp1_BUFG_inst]
set_property LOC BUFGCTRL_X0Y2 [get_cells design_1_i/SDF_Top_0/U0/SDF_stage_wrap[2].SDF_stage_inst/halfway_pp1_BUFG_inst]
set_property LOC BUFGCTRL_X0Y1 [get_cells design_1_i/SDF_Top_0/U0/SDF_stage_wrap[1].SDF_stage_inst/halfway_pp1_BUFG_inst]

# Location of IO Primitives which is load of clock spine

# Location of clock ports
set_property LOC IOB_X1Y26 [get_ports sys_clock]

# Clock net "design_1_i/clk_wiz/inst/clk_out1" driven by instance "design_1_i/clk_wiz/inst/clkout1_buf" located at site "BUFGCTRL_X0Y0"
#startgroup
create_pblock {CLKAG_design_1_i/clk_wiz/inst/clk_out1}
add_cells_to_pblock [get_pblocks  {CLKAG_design_1_i/clk_wiz/inst/clk_out1}] [get_cells -filter { PRIMITIVE_GROUP != I/O && IS_PRIMITIVE==1 && PRIMITIVE_LEVEL !=INTERNAL } -of_object [get_pins -filter {DIRECTION==IN} -of_objects [get_nets -hierarchical -filter {PARENT=="design_1_i/clk_wiz/inst/clk_out1"}]]]
resize_pblock [get_pblocks {CLKAG_design_1_i/clk_wiz/inst/clk_out1}] -add {CLOCKREGION_X0Y0:CLOCKREGION_X0Y0 CLOCKREGION_X0Y1:CLOCKREGION_X0Y1 CLOCKREGION_X0Y2:CLOCKREGION_X0Y2 CLOCKREGION_X1Y0:CLOCKREGION_X1Y0 CLOCKREGION_X1Y1:CLOCKREGION_X1Y1 CLOCKREGION_X1Y2:CLOCKREGION_X1Y2}
#endgroup

# Clock net "design_1_i/SDF_Top_0/U0/SDF_stage_wrap[9].SDF_stage_inst/halfway_pp1_BUFG" driven by instance "design_1_i/SDF_Top_0/U0/SDF_stage_wrap[9].SDF_stage_inst/halfway_pp1_BUFG_inst" located at site "BUFGCTRL_X0Y9"
#startgroup
create_pblock {CLKAG_design_1_i/SDF_Top_0/U0/SDF_stage_wrap[9].SDF_stage_inst/halfway_pp1_BUFG}
add_cells_to_pblock [get_pblocks  {CLKAG_design_1_i/SDF_Top_0/U0/SDF_stage_wrap[9].SDF_stage_inst/halfway_pp1_BUFG}] [get_cells -filter { PRIMITIVE_GROUP != I/O && IS_PRIMITIVE==1 && PRIMITIVE_LEVEL !=INTERNAL } -of_object [get_pins -filter {DIRECTION==IN} -of_objects [get_nets -hierarchical -filter {PARENT=="design_1_i/SDF_Top_0/U0/SDF_stage_wrap[9].SDF_stage_inst/halfway_pp1_BUFG"}]]]
resize_pblock [get_pblocks {CLKAG_design_1_i/SDF_Top_0/U0/SDF_stage_wrap[9].SDF_stage_inst/halfway_pp1_BUFG}] -add {CLOCKREGION_X0Y1:CLOCKREGION_X0Y1 CLOCKREGION_X1Y1:CLOCKREGION_X1Y1}
#endgroup

# Clock net "design_1_i/SDF_Top_0/U0/SDF_stage_wrap[8].SDF_stage_inst/halfway_pp1_BUFG" driven by instance "design_1_i/SDF_Top_0/U0/SDF_stage_wrap[8].SDF_stage_inst/halfway_pp1_BUFG_inst" located at site "BUFGCTRL_X0Y8"
#startgroup
create_pblock {CLKAG_design_1_i/SDF_Top_0/U0/SDF_stage_wrap[8].SDF_stage_inst/halfway_pp1_BUFG}
add_cells_to_pblock [get_pblocks  {CLKAG_design_1_i/SDF_Top_0/U0/SDF_stage_wrap[8].SDF_stage_inst/halfway_pp1_BUFG}] [get_cells -filter { PRIMITIVE_GROUP != I/O && IS_PRIMITIVE==1 && PRIMITIVE_LEVEL !=INTERNAL } -of_object [get_pins -filter {DIRECTION==IN} -of_objects [get_nets -hierarchical -filter {PARENT=="design_1_i/SDF_Top_0/U0/SDF_stage_wrap[8].SDF_stage_inst/halfway_pp1_BUFG"}]]]
resize_pblock [get_pblocks {CLKAG_design_1_i/SDF_Top_0/U0/SDF_stage_wrap[8].SDF_stage_inst/halfway_pp1_BUFG}] -add {CLOCKREGION_X0Y1:CLOCKREGION_X0Y1 CLOCKREGION_X1Y1:CLOCKREGION_X1Y1}
#endgroup

# Clock net "design_1_i/SDF_Top_0/U0/SDF_stage_wrap[7].SDF_stage_inst/halfway_pp1_BUFG" driven by instance "design_1_i/SDF_Top_0/U0/SDF_stage_wrap[7].SDF_stage_inst/halfway_pp1_BUFG_inst" located at site "BUFGCTRL_X0Y7"
#startgroup
create_pblock {CLKAG_design_1_i/SDF_Top_0/U0/SDF_stage_wrap[7].SDF_stage_inst/halfway_pp1_BUFG}
add_cells_to_pblock [get_pblocks  {CLKAG_design_1_i/SDF_Top_0/U0/SDF_stage_wrap[7].SDF_stage_inst/halfway_pp1_BUFG}] [get_cells -filter { PRIMITIVE_GROUP != I/O && IS_PRIMITIVE==1 && PRIMITIVE_LEVEL !=INTERNAL } -of_object [get_pins -filter {DIRECTION==IN} -of_objects [get_nets -hierarchical -filter {PARENT=="design_1_i/SDF_Top_0/U0/SDF_stage_wrap[7].SDF_stage_inst/halfway_pp1_BUFG"}]]]
resize_pblock [get_pblocks {CLKAG_design_1_i/SDF_Top_0/U0/SDF_stage_wrap[7].SDF_stage_inst/halfway_pp1_BUFG}] -add {CLOCKREGION_X1Y1:CLOCKREGION_X1Y1}
#endgroup

# Clock net "design_1_i/SDF_Top_0/U0/SDF_stage_wrap[6].SDF_stage_inst/halfway_pp1_BUFG" driven by instance "design_1_i/SDF_Top_0/U0/SDF_stage_wrap[6].SDF_stage_inst/halfway_pp1_BUFG_inst" located at site "BUFGCTRL_X0Y6"
#startgroup
create_pblock {CLKAG_design_1_i/SDF_Top_0/U0/SDF_stage_wrap[6].SDF_stage_inst/halfway_pp1_BUFG}
add_cells_to_pblock [get_pblocks  {CLKAG_design_1_i/SDF_Top_0/U0/SDF_stage_wrap[6].SDF_stage_inst/halfway_pp1_BUFG}] [get_cells -filter { PRIMITIVE_GROUP != I/O && IS_PRIMITIVE==1 && PRIMITIVE_LEVEL !=INTERNAL } -of_object [get_pins -filter {DIRECTION==IN} -of_objects [get_nets -hierarchical -filter {PARENT=="design_1_i/SDF_Top_0/U0/SDF_stage_wrap[6].SDF_stage_inst/halfway_pp1_BUFG"}]]]
resize_pblock [get_pblocks {CLKAG_design_1_i/SDF_Top_0/U0/SDF_stage_wrap[6].SDF_stage_inst/halfway_pp1_BUFG}] -add {CLOCKREGION_X0Y1:CLOCKREGION_X0Y1 CLOCKREGION_X1Y1:CLOCKREGION_X1Y1}
#endgroup

# Clock net "design_1_i/SDF_Top_0/U0/SDF_stage_wrap[5].SDF_stage_inst/halfway_pp1_BUFG" driven by instance "design_1_i/SDF_Top_0/U0/SDF_stage_wrap[5].SDF_stage_inst/halfway_pp1_BUFG_inst" located at site "BUFGCTRL_X0Y5"
#startgroup
create_pblock {CLKAG_design_1_i/SDF_Top_0/U0/SDF_stage_wrap[5].SDF_stage_inst/halfway_pp1_BUFG}
add_cells_to_pblock [get_pblocks  {CLKAG_design_1_i/SDF_Top_0/U0/SDF_stage_wrap[5].SDF_stage_inst/halfway_pp1_BUFG}] [get_cells -filter { PRIMITIVE_GROUP != I/O && IS_PRIMITIVE==1 && PRIMITIVE_LEVEL !=INTERNAL } -of_object [get_pins -filter {DIRECTION==IN} -of_objects [get_nets -hierarchical -filter {PARENT=="design_1_i/SDF_Top_0/U0/SDF_stage_wrap[5].SDF_stage_inst/halfway_pp1_BUFG"}]]]
resize_pblock [get_pblocks {CLKAG_design_1_i/SDF_Top_0/U0/SDF_stage_wrap[5].SDF_stage_inst/halfway_pp1_BUFG}] -add {CLOCKREGION_X1Y1:CLOCKREGION_X1Y1}
#endgroup

# Clock net "design_1_i/SDF_Top_0/U0/SDF_stage_wrap[4].SDF_stage_inst/halfway_pp1_BUFG" driven by instance "design_1_i/SDF_Top_0/U0/SDF_stage_wrap[4].SDF_stage_inst/halfway_pp1_BUFG_inst" located at site "BUFGCTRL_X0Y4"
#startgroup
create_pblock {CLKAG_design_1_i/SDF_Top_0/U0/SDF_stage_wrap[4].SDF_stage_inst/halfway_pp1_BUFG}
add_cells_to_pblock [get_pblocks  {CLKAG_design_1_i/SDF_Top_0/U0/SDF_stage_wrap[4].SDF_stage_inst/halfway_pp1_BUFG}] [get_cells -filter { PRIMITIVE_GROUP != I/O && IS_PRIMITIVE==1 && PRIMITIVE_LEVEL !=INTERNAL } -of_object [get_pins -filter {DIRECTION==IN} -of_objects [get_nets -hierarchical -filter {PARENT=="design_1_i/SDF_Top_0/U0/SDF_stage_wrap[4].SDF_stage_inst/halfway_pp1_BUFG"}]]]
resize_pblock [get_pblocks {CLKAG_design_1_i/SDF_Top_0/U0/SDF_stage_wrap[4].SDF_stage_inst/halfway_pp1_BUFG}] -add {CLOCKREGION_X1Y1:CLOCKREGION_X1Y1}
#endgroup

# Clock net "design_1_i/SDF_Top_0/U0/SDF_stage_wrap[3].SDF_stage_inst/halfway_pp1_BUFG" driven by instance "design_1_i/SDF_Top_0/U0/SDF_stage_wrap[3].SDF_stage_inst/halfway_pp1_BUFG_inst" located at site "BUFGCTRL_X0Y3"
#startgroup
create_pblock {CLKAG_design_1_i/SDF_Top_0/U0/SDF_stage_wrap[3].SDF_stage_inst/halfway_pp1_BUFG}
add_cells_to_pblock [get_pblocks  {CLKAG_design_1_i/SDF_Top_0/U0/SDF_stage_wrap[3].SDF_stage_inst/halfway_pp1_BUFG}] [get_cells -filter { PRIMITIVE_GROUP != I/O && IS_PRIMITIVE==1 && PRIMITIVE_LEVEL !=INTERNAL } -of_object [get_pins -filter {DIRECTION==IN} -of_objects [get_nets -hierarchical -filter {PARENT=="design_1_i/SDF_Top_0/U0/SDF_stage_wrap[3].SDF_stage_inst/halfway_pp1_BUFG"}]]]
resize_pblock [get_pblocks {CLKAG_design_1_i/SDF_Top_0/U0/SDF_stage_wrap[3].SDF_stage_inst/halfway_pp1_BUFG}] -add {CLOCKREGION_X1Y1:CLOCKREGION_X1Y1}
#endgroup

# Clock net "design_1_i/SDF_Top_0/U0/SDF_stage_wrap[2].SDF_stage_inst/halfway_pp1_BUFG" driven by instance "design_1_i/SDF_Top_0/U0/SDF_stage_wrap[2].SDF_stage_inst/halfway_pp1_BUFG_inst" located at site "BUFGCTRL_X0Y2"
#startgroup
create_pblock {CLKAG_design_1_i/SDF_Top_0/U0/SDF_stage_wrap[2].SDF_stage_inst/halfway_pp1_BUFG}
add_cells_to_pblock [get_pblocks  {CLKAG_design_1_i/SDF_Top_0/U0/SDF_stage_wrap[2].SDF_stage_inst/halfway_pp1_BUFG}] [get_cells -filter { PRIMITIVE_GROUP != I/O && IS_PRIMITIVE==1 && PRIMITIVE_LEVEL !=INTERNAL } -of_object [get_pins -filter {DIRECTION==IN} -of_objects [get_nets -hierarchical -filter {PARENT=="design_1_i/SDF_Top_0/U0/SDF_stage_wrap[2].SDF_stage_inst/halfway_pp1_BUFG"}]]]
resize_pblock [get_pblocks {CLKAG_design_1_i/SDF_Top_0/U0/SDF_stage_wrap[2].SDF_stage_inst/halfway_pp1_BUFG}] -add {CLOCKREGION_X1Y0:CLOCKREGION_X1Y0 CLOCKREGION_X1Y1:CLOCKREGION_X1Y1}
#endgroup

# Clock net "design_1_i/SDF_Top_0/U0/SDF_stage_wrap[1].SDF_stage_inst/halfway_pp1_BUFG" driven by instance "design_1_i/SDF_Top_0/U0/SDF_stage_wrap[1].SDF_stage_inst/halfway_pp1_BUFG_inst" located at site "BUFGCTRL_X0Y1"
#startgroup
create_pblock {CLKAG_design_1_i/SDF_Top_0/U0/SDF_stage_wrap[1].SDF_stage_inst/halfway_pp1_BUFG}
add_cells_to_pblock [get_pblocks  {CLKAG_design_1_i/SDF_Top_0/U0/SDF_stage_wrap[1].SDF_stage_inst/halfway_pp1_BUFG}] [get_cells -filter { PRIMITIVE_GROUP != I/O && IS_PRIMITIVE==1 && PRIMITIVE_LEVEL !=INTERNAL } -of_object [get_pins -filter {DIRECTION==IN} -of_objects [get_nets -hierarchical -filter {PARENT=="design_1_i/SDF_Top_0/U0/SDF_stage_wrap[1].SDF_stage_inst/halfway_pp1_BUFG"}]]]
resize_pblock [get_pblocks {CLKAG_design_1_i/SDF_Top_0/U0/SDF_stage_wrap[1].SDF_stage_inst/halfway_pp1_BUFG}] -add {CLOCKREGION_X1Y0:CLOCKREGION_X1Y0}
#endgroup
